[1/28] Building CXX object lib/Transforms/Vectorize/CMakeFiles/LLVMVectorize.dir/VPlanAnalysis.cpp.o
[2/28] Building CXX object lib/Transforms/Vectorize/CMakeFiles/LLVMVectorize.dir/VPlan.cpp.o
[3/28] Building CXX object lib/Transforms/Vectorize/CMakeFiles/LLVMVectorize.dir/VPlanCostModel.cpp.o
[4/28] Building CXX object lib/Transforms/Vectorize/CMakeFiles/LLVMVectorize.dir/VPlanConstruction.cpp.o
[5/28] Building CXX object lib/Transforms/Vectorize/CMakeFiles/LLVMVectorize.dir/VPlanPredicator.cpp.o
[6/28] Building CXX object lib/Transforms/Vectorize/CMakeFiles/LLVMVectorize.dir/LoopVectorize.cpp.o
[7/28] Building CXX object lib/Transforms/Vectorize/CMakeFiles/LLVMVectorize.dir/VPlanSLP.cpp.o
[8/28] Building CXX object lib/Transforms/Vectorize/CMakeFiles/LLVMVectorize.dir/VPlanRecipes.cpp.o
[9/28] Building CXX object lib/Transforms/Vectorize/CMakeFiles/LLVMVectorize.dir/VPlanVerifier.cpp.o
[10/28] Building CXX object lib/Transforms/Vectorize/CMakeFiles/LLVMVectorize.dir/VPlanUnroll.cpp.o
[11/28] Building CXX object lib/Transforms/Vectorize/CMakeFiles/LLVMVectorize.dir/VPlanUtils.cpp.o
[12/28] Building CXX object lib/Transforms/Vectorize/CMakeFiles/LLVMVectorize.dir/VPlanTransforms.cpp.o
[13/28] Linking CXX static library lib/libLLVMVectorize.a
[14/28] Building CXX object lib/Target/RISCV/CMakeFiles/LLVMRISCVCodeGen.dir/RISCVTargetTransformInfo.cpp.o
[15/28] Linking CXX static library lib/libLLVMRISCVCodeGen.a
[16/28] Building CXX object unittests/Transforms/Vectorize/CMakeFiles/VectorizeTests.dir/VPlanCostModelTest.cpp.o
[17/28] Linking CXX executable bin/clang-22
[18/28] Building CXX object unittests/Transforms/Vectorize/CMakeFiles/VectorizeTests.dir/VPlanTest.cpp.o
[19/28] Building CXX object unittests/Transforms/Vectorize/CMakeFiles/VectorizeTests.dir/VPDomTreeTest.cpp.o
[20/28] Building CXX object unittests/Transforms/Vectorize/CMakeFiles/VectorizeTests.dir/VPlanHCFGTest.cpp.o
[21/28] Building CXX object unittests/Transforms/Vectorize/CMakeFiles/VectorizeTests.dir/VPlanPatternMatchTest.cpp.o
[22/28] Building CXX object unittests/Transforms/Vectorize/CMakeFiles/VectorizeTests.dir/VPlanRecurrenceTest.cpp.o
[23/28] Building CXX object unittests/Transforms/Vectorize/CMakeFiles/VectorizeTests.dir/VPlanSlpTest.cpp.o
[24/28] Creating executable symlink bin/clang
[25/28] Building CXX object unittests/Transforms/Vectorize/CMakeFiles/VectorizeTests.dir/VPlanUncountableExitTest.cpp.o
[26/28] Linking CXX executable bin/opt
[27/28] Building CXX object unittests/Transforms/Vectorize/CMakeFiles/VectorizeTests.dir/VPlanVerifierTest.cpp.o
[28/28] Linking CXX executable unittests/Transforms/Vectorize/VectorizeTests
