s000 2 ok
s000 4 ok
s000 8 ok
s000 16 ok
s000 expanded ok
s1111 2 ok
s1111 4 ok
s1111 8 ok
s1111 16 ok
s1111 expanded assembly exit 1
s125 2 ok
s125 4 ok
s125 8 ok
s125 16 ok
s125 expanded ok
s311 2 ok
s311 4 ok
s311 8 ok
s311 16 ok
s311 expanded ok
s4112 2 ok
s4112 4 ok
s4112 8 ok
s4112 16 ok
s4112 expanded ok
jacobi-2d-imper-l00 2 ok
jacobi-2d-imper-l00 4 ok
jacobi-2d-imper-l00 8 ok
jacobi-2d-imper-l00 16 ok
jacobi-2d-imper-l00 expanded ok
gesummv-l00 2 ok
gesummv-l00 4 ok
gesummv-l00 8 ok
gesummv-l00 16 ok
gesummv-l00 expanded assembly exit 1
bicg-l01 2 ok
bicg-l01 4 ok
bicg-l01 8 ok
bicg-l01 16 ok
bicg-l01 expanded ok
gemver-l00 2 ok
gemver-l00 4 ok
gemver-l00 8 ok
gemver-l00 16 ok
gemver-l00 expanded ok
